Archive member included because of file (symbol)

../common/libcommon.a(libusb.o)
                              .build/main.o (usbStrError)
/usr/lib/libc_nonshared.a(elf-init.oS)
                              /usr/lib/gcc/i486-linux-gnu/4.3.3/../../../../lib/crt1.o (__libc_csu_fini)

Discarded input sections

 .note.ABI-tag  0x0000000000000000        0x0 /usr/lib/gcc/i486-linux-gnu/4.3.3/../../../../lib/crt1.o
 .rodata        0x0000000000000000        0x0 /usr/lib/gcc/i486-linux-gnu/4.3.3/../../../../lib/crt1.o
 .data          0x0000000000000000        0x0 /usr/lib/gcc/i486-linux-gnu/4.3.3/../../../../lib/crt1.o
 .bss           0x0000000000000000        0x0 /usr/lib/gcc/i486-linux-gnu/4.3.3/../../../../lib/crt1.o
 .note.GNU-stack
                0x0000000000000000        0x0 /usr/lib/gcc/i486-linux-gnu/4.3.3/../../../../lib/crt1.o
 .text          0x0000000000000000        0x0 /usr/lib/gcc/i486-linux-gnu/4.3.3/../../../../lib/crti.o
 .data          0x0000000000000000        0x0 /usr/lib/gcc/i486-linux-gnu/4.3.3/../../../../lib/crti.o
 .bss           0x0000000000000000        0x0 /usr/lib/gcc/i486-linux-gnu/4.3.3/../../../../lib/crti.o
 .note.GNU-stack
                0x0000000000000000        0x0 /usr/lib/gcc/i486-linux-gnu/4.3.3/../../../../lib/crti.o
 .data          0x0000000000000000        0x0 /usr/lib/gcc/i486-linux-gnu/4.3.3/crtbegin.o
 .note.GNU-stack
                0x0000000000000000        0x0 /usr/lib/gcc/i486-linux-gnu/4.3.3/crtbegin.o
 .text          0x0000000000000000        0x0 .build/dump.o
 .data          0x0000000000000000        0x0 .build/dump.o
 .bss           0x0000000000000000        0x0 .build/dump.o
 .rodata.str1.1
                0x0000000000000000        0x0 .build/dump.o
 .rodata.str1.4
                0x0000000000000000        0x0 .build/dump.o
 .note.GNU-stack
                0x0000000000000000        0x0 .build/dump.o
 .data          0x0000000000000000        0x0 .build/main.o
 .bss           0x0000000000000000        0x0 .build/main.o
 .note.GNU-stack
                0x0000000000000000        0x0 .build/main.o
 .data          0x0000000000000000        0x0 ../common/libcommon.a(libusb.o)
 .note.GNU-stack
                0x0000000000000000        0x0 ../common/libcommon.a(libusb.o)
 __i686.get_pc_thunk.bx
                0x0000000000000000        0x0 /usr/lib/libc_nonshared.a(elf-init.oS)
 .data          0x0000000000000000        0x0 /usr/lib/libc_nonshared.a(elf-init.oS)
 .bss           0x0000000000000000        0x0 /usr/lib/libc_nonshared.a(elf-init.oS)
 .note.GNU-stack
                0x0000000000000000        0x0 /usr/lib/libc_nonshared.a(elf-init.oS)
 .data          0x0000000000000000        0x0 /usr/lib/gcc/i486-linux-gnu/4.3.3/crtend.o
 .bss           0x0000000000000000        0x0 /usr/lib/gcc/i486-linux-gnu/4.3.3/crtend.o
 .note.GNU-stack
                0x0000000000000000        0x0 /usr/lib/gcc/i486-linux-gnu/4.3.3/crtend.o
 .text          0x0000000000000000        0x0 /usr/lib/gcc/i486-linux-gnu/4.3.3/../../../../lib/crtn.o
 .data          0x0000000000000000        0x0 /usr/lib/gcc/i486-linux-gnu/4.3.3/../../../../lib/crtn.o
 .bss           0x0000000000000000        0x0 /usr/lib/gcc/i486-linux-gnu/4.3.3/../../../../lib/crtn.o
 .note.GNU-stack
                0x0000000000000000        0x0 /usr/lib/gcc/i486-linux-gnu/4.3.3/../../../../lib/crtn.o

Memory Configuration

Name             Origin             Length             Attributes
*default*        0x0000000000000000 0xffffffffffffffff

Linker script and memory map

LOAD /usr/lib/gcc/i486-linux-gnu/4.3.3/../../../../lib/crt1.o
LOAD /usr/lib/gcc/i486-linux-gnu/4.3.3/../../../../lib/crti.o
LOAD /usr/lib/gcc/i486-linux-gnu/4.3.3/crtbegin.o
LOAD .build/dump.o
LOAD .build/main.o
LOAD /usr/local/lib/libusb.so
LOAD ../common/libcommon.a
LOAD /usr/lib/gcc/i486-linux-gnu/4.3.3/libgcc.a
LOAD /usr/lib/gcc/i486-linux-gnu/4.3.3/libgcc_s.so
LOAD /usr/lib/gcc/i486-linux-gnu/4.3.3/../../../../lib/libc.so
START GROUP
LOAD /lib/libc.so.6
LOAD /usr/lib/libc_nonshared.a
LOAD /lib/ld-linux.so.2
END GROUP
LOAD /usr/lib/gcc/i486-linux-gnu/4.3.3/libgcc.a
LOAD /usr/lib/gcc/i486-linux-gnu/4.3.3/libgcc_s.so
LOAD /usr/lib/gcc/i486-linux-gnu/4.3.3/crtend.o
LOAD /usr/lib/gcc/i486-linux-gnu/4.3.3/../../../../lib/crtn.o
                0x0000000008048000                PROVIDE (__executable_start, 0x8048000)
                0x0000000008048114                . = (0x8048000 + SIZEOF_HEADERS)

.interp         0x0000000008048114       0x13
 *(.interp)
 .interp        0x0000000008048114       0x13 /usr/lib/gcc/i486-linux-gnu/4.3.3/../../../../lib/crt1.o

.note.gnu.build-id
 *(.note.gnu.build-id)

.hash           0x0000000008048128       0xd8
 *(.hash)
 .hash          0x0000000008048128       0xd8 /usr/lib/gcc/i486-linux-gnu/4.3.3/../../../../lib/crt1.o

.gnu.hash       0x0000000008048200       0x40
 *(.gnu.hash)
 .gnu.hash      0x0000000008048200       0x40 /usr/lib/gcc/i486-linux-gnu/4.3.3/../../../../lib/crt1.o

.dynsym         0x0000000008048240      0x230
 *(.dynsym)
 .dynsym        0x0000000008048240      0x230 /usr/lib/gcc/i486-linux-gnu/4.3.3/../../../../lib/crt1.o

.dynstr         0x0000000008048470      0x1c9
 *(.dynstr)
 .dynstr        0x0000000008048470      0x1c9 /usr/lib/gcc/i486-linux-gnu/4.3.3/../../../../lib/crt1.o

.gnu.version    0x000000000804863a       0x46
 *(.gnu.version)
 .gnu.version   0x000000000804863a       0x46 /usr/lib/gcc/i486-linux-gnu/4.3.3/../../../../lib/crt1.o

.gnu.version_d  0x0000000008048680        0x0
 *(.gnu.version_d)
 .gnu.version_d
                0x0000000000000000        0x0 /usr/lib/gcc/i486-linux-gnu/4.3.3/../../../../lib/crt1.o

.gnu.version_r  0x0000000008048680       0x50
 *(.gnu.version_r)
 .gnu.version_r
                0x0000000008048680       0x50 /usr/lib/gcc/i486-linux-gnu/4.3.3/../../../../lib/crt1.o

.rel.dyn        0x00000000080486d0       0x10
 *(.rel.init)
 *(.rel.text .rel.text.* .rel.gnu.linkonce.t.*)
 .rel.text      0x0000000000000000        0x0 /usr/lib/gcc/i486-linux-gnu/4.3.3/../../../../lib/crt1.o
 *(.rel.fini)
 *(.rel.rodata .rel.rodata.* .rel.gnu.linkonce.r.*)
 *(.rel.data.rel.ro* .rel.gnu.linkonce.d.rel.ro.*)
 *(.rel.data .rel.data.* .rel.gnu.linkonce.d.*)
 *(.rel.tdata .rel.tdata.* .rel.gnu.linkonce.td.*)
 *(.rel.tbss .rel.tbss.* .rel.gnu.linkonce.tb.*)
 *(.rel.ctors)
 *(.rel.dtors)
 *(.rel.got)
 .rel.got       0x00000000080486d0        0x8 /usr/lib/gcc/i486-linux-gnu/4.3.3/../../../../lib/crt1.o
 *(.rel.bss .rel.bss.* .rel.gnu.linkonce.b.*)
 .rel.bss       0x00000000080486d8        0x8 /usr/lib/gcc/i486-linux-gnu/4.3.3/../../../../lib/crt1.o

.rela.dyn
 *(.rela.init)
 *(.rela.text .rela.text.* .rela.gnu.linkonce.t.*)
 *(.rela.fini)
 *(.rela.rodata .rela.rodata.* .rela.gnu.linkonce.r.*)
 *(.rela.data .rela.data.* .rela.gnu.linkonce.d.*)
 *(.rela.tdata .rela.tdata.* .rela.gnu.linkonce.td.*)
 *(.rela.tbss .rela.tbss.* .rela.gnu.linkonce.tb.*)
 *(.rela.ctors)
 *(.rela.dtors)
 *(.rela.got)
 *(.rela.bss .rela.bss.* .rela.gnu.linkonce.b.*)

.rel.plt        0x00000000080486e0       0xc8
 *(.rel.plt)
 .rel.plt       0x00000000080486e0       0xc8 /usr/lib/gcc/i486-linux-gnu/4.3.3/../../../../lib/crt1.o

.rela.plt
 *(.rela.plt)

.init           0x00000000080487a8       0x30
 *(.init)
 .init          0x00000000080487a8       0x22 /usr/lib/gcc/i486-linux-gnu/4.3.3/../../../../lib/crti.o
                0x00000000080487a8                _init
 .init          0x00000000080487ca        0x5 /usr/lib/gcc/i486-linux-gnu/4.3.3/crtbegin.o
 .init          0x00000000080487cf        0x5 /usr/lib/gcc/i486-linux-gnu/4.3.3/crtend.o
 .init          0x00000000080487d4        0x4 /usr/lib/gcc/i486-linux-gnu/4.3.3/../../../../lib/crtn.o

.plt            0x00000000080487d8      0x1a0
 *(.plt)
 .plt           0x00000000080487d8      0x1a0 /usr/lib/gcc/i486-linux-gnu/4.3.3/../../../../lib/crt1.o
                0x00000000080487e8                usb_strerror
                0x00000000080487f8                __fprintf_chk@@GLIBC_2.3.4
                0x0000000008048818                __printf_chk@@GLIBC_2.3.4
                0x0000000008048828                usb_find_busses
                0x0000000008048838                usb_claim_interface
                0x0000000008048848                __libc_start_main@@GLIBC_2.0
                0x0000000008048858                perror@@GLIBC_2.0
                0x0000000008048868                gettimeofday@@GLIBC_2.0
                0x0000000008048878                free@@GLIBC_2.0
                0x0000000008048888                usb_find_devices
                0x0000000008048898                fclose@@GLIBC_2.1
                0x00000000080488a8                usb_set_configuration
                0x00000000080488b8                usb_get_busses
                0x00000000080488c8                usb_bulk_write
                0x00000000080488d8                fopen@@GLIBC_2.1
                0x00000000080488e8                usb_init
                0x00000000080488f8                malloc@@GLIBC_2.0
                0x0000000008048908                __fread_chk@@GLIBC_2.7
                0x0000000008048918                puts@@GLIBC_2.0
                0x0000000008048928                __sprintf_chk@@GLIBC_2.3.4
                0x0000000008048938                usb_open
                0x0000000008048948                exit@@GLIBC_2.0
                0x0000000008048958                usb_set_altinterface
                0x0000000008048968                usb_close

.text           0x0000000008048980      0x68a
 *(.text .stub .text.* .gnu.linkonce.t.*)
 .text          0x0000000008048980       0x24 /usr/lib/gcc/i486-linux-gnu/4.3.3/../../../../lib/crt1.o
                0x0000000008048980                _start
 *fill*         0x00000000080489a4        0xc 90909090
 .text          0x00000000080489b0       0x83 /usr/lib/gcc/i486-linux-gnu/4.3.3/crtbegin.o
 *fill*         0x0000000008048a33        0xd 90909090
 .text          0x0000000008048a40      0x2a6 .build/main.o
                0x0000000008048a40                main
 *fill*         0x0000000008048ce6        0xa 90909090
 .text          0x0000000008048cf0      0x276 ../common/libcommon.a(libusb.o)
                0x0000000008048cf0                usbStrError
                0x0000000008048f50                usbInitialise
                0x0000000008048d00                usbOpenDevice
 *fill*         0x0000000008048f66        0xa 90909090
 .text          0x0000000008048f70       0x6a /usr/lib/libc_nonshared.a(elf-init.oS)
                0x0000000008048f70                __libc_csu_fini
                0x0000000008048f80                __libc_csu_init
 .text.__i686.get_pc_thunk.bx
                0x0000000008048fda        0x4 /usr/lib/libc_nonshared.a(elf-init.oS)
                0x0000000008048fda                __i686.get_pc_thunk.bx
 *fill*         0x0000000008048fde        0x2 90909090
 .text          0x0000000008048fe0       0x2a /usr/lib/gcc/i486-linux-gnu/4.3.3/crtend.o
 *(.gnu.warning)

.fini           0x000000000804900c       0x1c
 *(.fini)
 .fini          0x000000000804900c       0x13 /usr/lib/gcc/i486-linux-gnu/4.3.3/../../../../lib/crti.o
                0x000000000804900c                _fini
 .fini          0x000000000804901f        0x5 /usr/lib/gcc/i486-linux-gnu/4.3.3/crtbegin.o
 .fini          0x0000000008049024        0x4 /usr/lib/gcc/i486-linux-gnu/4.3.3/../../../../lib/crtn.o
                0x0000000008049028                PROVIDE (__etext, .)
                0x0000000008049028                PROVIDE (_etext, .)
                0x0000000008049028                PROVIDE (etext, .)

.rodata         0x0000000008049028      0x124
 *(.rodata .rodata.* .gnu.linkonce.r.*)
 .rodata.cst4   0x0000000008049028        0x4 /usr/lib/gcc/i486-linux-gnu/4.3.3/../../../../lib/crt1.o
                0x0000000008049028                _IO_stdin_used
 .rodata.str1.1
                0x000000000804902c       0x70 .build/main.o
 .rodata.str1.4
                0x000000000804909c       0x48 .build/main.o
                                         0x45 (size before relaxing)
 .rodata.cst4   0x00000000080490e4        0x8 .build/main.o
 .rodata.str1.1
                0x00000000080490ec       0x60 ../common/libcommon.a(libusb.o)

.rodata1
 *(.rodata1)

.eh_frame_hdr
 *(.eh_frame_hdr)

.eh_frame       0x000000000804914c        0x4
 *(.eh_frame)
 .eh_frame      0x000000000804914c        0x4 /usr/lib/gcc/i486-linux-gnu/4.3.3/crtend.o

.gcc_except_table
 *(.gcc_except_table .gcc_except_table.*)
                0x0000000008049150                . = (ALIGN (0x1000) - ((0x1000 - .) & 0xfff))
                0x000000000804af04                . = (0x1000 DATA_SEGMENT_ALIGN 0x1000)

.eh_frame
 *(.eh_frame)

.gcc_except_table
 *(.gcc_except_table .gcc_except_table.*)

.tdata
 *(.tdata .tdata.* .gnu.linkonce.td.*)

.tbss
 *(.tbss .tbss.* .gnu.linkonce.tb.*)
 *(.tcommon)

.preinit_array  0x000000000804af04        0x0
                0x000000000804af04                PROVIDE (__preinit_array_start, .)
 *(.preinit_array)
                0x000000000804af04                PROVIDE (__preinit_array_end, .)

.init_array     0x000000000804af04        0x0
                0x000000000804af04                PROVIDE (__init_array_start, .)
 *(SORT(.init_array.*))
 *(.init_array)
                0x000000000804af04                PROVIDE (__init_array_end, .)

.fini_array     0x000000000804af04        0x0
                0x000000000804af04                PROVIDE (__fini_array_start, .)
 *(.fini_array)
 *(SORT(.fini_array.*))
                0x000000000804af04                PROVIDE (__fini_array_end, .)

.ctors          0x000000000804af04        0x8
 *crtbegin.o(.ctors)
 .ctors         0x000000000804af04        0x4 /usr/lib/gcc/i486-linux-gnu/4.3.3/crtbegin.o
 *crtbegin?.o(.ctors)
 *(EXCLUDE_FILE(*crtend?.o *crtend.o) .ctors)
 *(SORT(.ctors.*))
 *(.ctors)
 .ctors         0x000000000804af08        0x4 /usr/lib/gcc/i486-linux-gnu/4.3.3/crtend.o

.dtors          0x000000000804af0c        0x8
 *crtbegin.o(.dtors)
 .dtors         0x000000000804af0c        0x4 /usr/lib/gcc/i486-linux-gnu/4.3.3/crtbegin.o
 *crtbegin?.o(.dtors)
 *(EXCLUDE_FILE(*crtend?.o *crtend.o) .dtors)
 *(SORT(.dtors.*))
 *(.dtors)
 .dtors         0x000000000804af10        0x4 /usr/lib/gcc/i486-linux-gnu/4.3.3/crtend.o
                0x000000000804af10                __DTOR_END__

.jcr            0x000000000804af14        0x4
 *(.jcr)
 .jcr           0x000000000804af14        0x0 /usr/lib/gcc/i486-linux-gnu/4.3.3/crtbegin.o
 .jcr           0x000000000804af14        0x4 /usr/lib/gcc/i486-linux-gnu/4.3.3/crtend.o

.data.rel.ro
 *(.data.rel.ro.local* .gnu.linkonce.d.rel.ro.local.*)
 *(.data.rel.ro* .gnu.linkonce.d.rel.ro.*)

.dynamic        0x000000000804af18       0xd8
 *(.dynamic)
 .dynamic       0x000000000804af18       0xd8 /usr/lib/gcc/i486-linux-gnu/4.3.3/../../../../lib/crt1.o
                0x000000000804af18                _DYNAMIC

.got            0x000000000804aff0        0x4
 *(.got)
 .got           0x000000000804aff0        0x4 /usr/lib/gcc/i486-linux-gnu/4.3.3/../../../../lib/crt1.o
                0x000000000804aff4                . = (. DATA_SEGMENT_RELRO_END 0xc)

.got.plt        0x000000000804aff4       0x70
 *(.got.plt)
 .got.plt       0x000000000804aff4       0x70 /usr/lib/gcc/i486-linux-gnu/4.3.3/../../../../lib/crt1.o
                0x000000000804aff4                _GLOBAL_OFFSET_TABLE_

.data
 *(.data .data.* .gnu.linkonce.d.*)

.data1
 *(.data1)
                0x000000000804b064                _edata = .
                0x000000000804b064                PROVIDE (edata, .)
                0x000000000804b064                __bss_start = .

.bss            0x000000000804b080      0x120
 *(.dynbss)
 .dynbss        0x000000000804b080        0x4 /usr/lib/gcc/i486-linux-gnu/4.3.3/../../../../lib/crt1.o
                0x000000000804b080                stderr@@GLIBC_2.0
 *(.bss .bss.* .gnu.linkonce.b.*)
 .bss           0x000000000804b084        0x8 /usr/lib/gcc/i486-linux-gnu/4.3.3/crtbegin.o
 *fill*         0x000000000804b08c       0x14 00
 .bss           0x000000000804b0a0      0x100 ../common/libcommon.a(libusb.o)
 *(COMMON)
                0x000000000804b1a0                . = ALIGN ((. != 0x0)?0x4:0x1)
                0x000000000804b1a0                . = ALIGN (0x4)
                0x000000000804b1a0                . = ALIGN (0x4)
                0x000000000804b1a0                _end = .
                0x000000000804b1a0                PROVIDE (end, .)
                0x000000000804b1a0                . = DATA_SEGMENT_END (.)

.stab
 *(.stab)

.stabstr
 *(.stabstr)

.stab.excl
 *(.stab.excl)

.stab.exclstr
 *(.stab.exclstr)

.stab.index
 *(.stab.index)

.stab.indexstr
 *(.stab.indexstr)

.comment        0x0000000000000000      0x144
 *(.comment)
 .comment       0x0000000000000000       0x24 /usr/lib/gcc/i486-linux-gnu/4.3.3/../../../../lib/crt1.o
 .comment       0x0000000000000024       0x24 /usr/lib/gcc/i486-linux-gnu/4.3.3/../../../../lib/crti.o
 .comment       0x0000000000000048       0x24 /usr/lib/gcc/i486-linux-gnu/4.3.3/crtbegin.o
 .comment       0x000000000000006c       0x24 .build/dump.o
 .comment       0x0000000000000090       0x24 .build/main.o
 .comment       0x00000000000000b4       0x24 ../common/libcommon.a(libusb.o)
 .comment       0x00000000000000d8       0x24 /usr/lib/libc_nonshared.a(elf-init.oS)
 .comment       0x00000000000000fc       0x24 /usr/lib/gcc/i486-linux-gnu/4.3.3/crtend.o
 .comment       0x0000000000000120       0x24 /usr/lib/gcc/i486-linux-gnu/4.3.3/../../../../lib/crtn.o

.debug
 *(.debug)

.line
 *(.line)

.debug_srcinfo
 *(.debug_srcinfo)

.debug_sfnames
 *(.debug_sfnames)

.debug_aranges  0x0000000000000000       0x70
 *(.debug_aranges)
 .debug_aranges
                0x0000000000000000       0x20 /usr/lib/gcc/i486-linux-gnu/4.3.3/../../../../lib/crt1.o
 .debug_aranges
                0x0000000000000020       0x28 /usr/lib/gcc/i486-linux-gnu/4.3.3/../../../../lib/crti.o
 .debug_aranges
                0x0000000000000048       0x28 /usr/lib/gcc/i486-linux-gnu/4.3.3/../../../../lib/crtn.o

.debug_pubnames
                0x0000000000000000       0x25
 *(.debug_pubnames)
 .debug_pubnames
                0x0000000000000000       0x25 /usr/lib/gcc/i486-linux-gnu/4.3.3/../../../../lib/crt1.o

.debug_info     0x0000000000000000      0x1b5
 *(.debug_info .gnu.linkonce.wi.*)
 .debug_info    0x0000000000000000       0xed /usr/lib/gcc/i486-linux-gnu/4.3.3/../../../../lib/crt1.o
 .debug_info    0x00000000000000ed       0x78 /usr/lib/gcc/i486-linux-gnu/4.3.3/../../../../lib/crti.o
 .debug_info    0x0000000000000165       0x50 /usr/lib/gcc/i486-linux-gnu/4.3.3/../../../../lib/crtn.o

.debug_abbrev   0x0000000000000000       0x83
 *(.debug_abbrev)
 .debug_abbrev  0x0000000000000000       0x5f /usr/lib/gcc/i486-linux-gnu/4.3.3/../../../../lib/crt1.o
 .debug_abbrev  0x000000000000005f       0x12 /usr/lib/gcc/i486-linux-gnu/4.3.3/../../../../lib/crti.o
 .debug_abbrev  0x0000000000000071       0x12 /usr/lib/gcc/i486-linux-gnu/4.3.3/../../../../lib/crtn.o

.debug_line     0x0000000000000000      0x180
 *(.debug_line)
 .debug_line    0x0000000000000000       0x82 /usr/lib/gcc/i486-linux-gnu/4.3.3/../../../../lib/crt1.o
 .debug_line    0x0000000000000082       0xaa /usr/lib/gcc/i486-linux-gnu/4.3.3/../../../../lib/crti.o
 .debug_line    0x000000000000012c       0x54 /usr/lib/gcc/i486-linux-gnu/4.3.3/../../../../lib/crtn.o

.debug_frame
 *(.debug_frame)

.debug_str      0x0000000000000000       0x8e
 *(.debug_str)
 .debug_str     0x0000000000000000       0x8e /usr/lib/gcc/i486-linux-gnu/4.3.3/../../../../lib/crt1.o
                                         0xc7 (size before relaxing)

.debug_loc
 *(.debug_loc)

.debug_macinfo
 *(.debug_macinfo)

.debug_weaknames
 *(.debug_weaknames)

.debug_funcnames
 *(.debug_funcnames)

.debug_typenames
 *(.debug_typenames)

.debug_varnames
 *(.debug_varnames)

.debug_pubtypes
 *(.debug_pubtypes)

.debug_ranges   0x0000000000000000       0x40
 *(.debug_ranges)
 .debug_ranges  0x0000000000000000       0x20 /usr/lib/gcc/i486-linux-gnu/4.3.3/../../../../lib/crti.o
 .debug_ranges  0x0000000000000020       0x20 /usr/lib/gcc/i486-linux-gnu/4.3.3/../../../../lib/crtn.o

.gnu.attributes
 *(.gnu.attributes)

/DISCARD/
 *(.note.GNU-stack)
 *(.gnu_debuglink)
OUTPUT(counter elf32-i386)

Cross Reference Table

Symbol                                            File
GCC_3.0                                           /lib/libc.so.6
GLIBC_2.0                                         /lib/libc.so.6
                                                  /lib/ld-linux.so.2
                                                  /lib/libpthread.so.0
GLIBC_2.1                                         /lib/libc.so.6
                                                  /lib/ld-linux.so.2
                                                  /lib/libpthread.so.0
                                                  /lib/librt.so.1
GLIBC_2.1.1                                       /lib/libc.so.6
                                                  /lib/libpthread.so.0
GLIBC_2.1.2                                       /lib/libc.so.6
                                                  /lib/libpthread.so.0
GLIBC_2.1.3                                       /lib/libc.so.6
GLIBC_2.2                                         /lib/libc.so.6
                                                  /lib/libpthread.so.0
                                                  /lib/librt.so.1
GLIBC_2.2.1                                       /lib/libc.so.6
GLIBC_2.2.2                                       /lib/libc.so.6
GLIBC_2.2.3                                       /lib/libc.so.6
                                                  /lib/libpthread.so.0
GLIBC_2.2.4                                       /lib/libc.so.6
GLIBC_2.2.6                                       /lib/libc.so.6
                                                  /lib/libpthread.so.0
GLIBC_2.3                                         /lib/libc.so.6
                                                  /lib/ld-linux.so.2
GLIBC_2.3.2                                       /lib/libc.so.6
                                                  /lib/libpthread.so.0
GLIBC_2.3.3                                       /lib/libc.so.6
                                                  /lib/libpthread.so.0
GLIBC_2.3.4                                       /lib/libc.so.6
                                                  /lib/libpthread.so.0
                                                  /lib/librt.so.1
GLIBC_2.4                                         /lib/libc.so.6
                                                  /lib/ld-linux.so.2
                                                  /lib/libpthread.so.0
                                                  /lib/librt.so.1
GLIBC_2.5                                         /lib/libc.so.6
GLIBC_2.6                                         /lib/libc.so.6
GLIBC_2.7                                         /lib/libc.so.6
                                                  /lib/librt.so.1
GLIBC_2.8                                         /lib/libc.so.6
GLIBC_2.9                                         /lib/libc.so.6
GLIBC_PRIVATE                                     /lib/libc.so.6
                                                  /lib/ld-linux.so.2
                                                  /lib/libpthread.so.0
_DYNAMIC                                          /usr/lib/gcc/i486-linux-gnu/4.3.3/../../../../lib/crt1.o
_Exit                                             /lib/libc.so.6
_Exit@@GLIBC_2.1.1                                /lib/libc.so.6
_Exit@GLIBC_2.1.1                                 /lib/libc.so.6
_GLOBAL_OFFSET_TABLE_                             /usr/lib/gcc/i486-linux-gnu/4.3.3/../../../../lib/crt1.o
                                                  /usr/lib/libc_nonshared.a(elf-init.oS)
                                                  /usr/lib/gcc/i486-linux-gnu/4.3.3/../../../../lib/crti.o
_IO_fprintf                                       /lib/libc.so.6
_IO_fprintf@@GLIBC_2.0                            /lib/libc.so.6
_IO_fprintf@GLIBC_2.0                             /lib/libc.so.6
_IO_stdin_used                                    /usr/lib/gcc/i486-linux-gnu/4.3.3/../../../../lib/crt1.o
                                                  /lib/libc.so.6
_Jv_RegisterClasses                               /lib/libpthread.so.0
                                                  /lib/librt.so.1
                                                  /usr/local/lib/libusb-1.0.so.0
                                                  /usr/local/lib/libusb.so
                                                  /usr/lib/gcc/i486-linux-gnu/4.3.3/crtbegin.o
__DTOR_END__                                      /usr/lib/gcc/i486-linux-gnu/4.3.3/crtend.o
                                                  /usr/lib/gcc/i486-linux-gnu/4.3.3/crtbegin.o
___brk_addr                                       /lib/libc.so.6
___brk_addr@@GLIBC_2.0                            /lib/libc.so.6
___brk_addr@GLIBC_2.0                             /lib/libc.so.6
__after_morecore_hook                             /lib/libc.so.6
__after_morecore_hook@@GLIBC_2.0                  /lib/libc.so.6
__after_morecore_hook@GLIBC_2.0                   /lib/libc.so.6
__bss_start                                       /usr/local/lib/libusb.so
                                                  /usr/local/lib/libusb-1.0.so.0
__close                                           /lib/libc.so.6
__close@@GLIBC_2.0                                /lib/libc.so.6
                                                  /lib/libpthread.so.0
__close@GLIBC_2.0                                 /lib/libc.so.6
__connect                                         /lib/libc.so.6
__connect@@GLIBC_2.0                              /lib/libc.so.6
                                                  /lib/libpthread.so.0
__connect@GLIBC_2.0                               /lib/libc.so.6
__ctype_get_mb_cur_max                            /lib/libc.so.6
__ctype_get_mb_cur_max@@GLIBC_2.0                 /lib/libc.so.6
__ctype_get_mb_cur_max@GLIBC_2.0                  /lib/libc.so.6
__data_start                                      /usr/lib/gcc/i486-linux-gnu/4.3.3/../../../../lib/crt1.o
__dso_handle                                      /usr/lib/gcc/i486-linux-gnu/4.3.3/crtbegin.o
__fcntl                                           /lib/libc.so.6
__fcntl@@GLIBC_2.0                                /lib/libc.so.6
                                                  /lib/libpthread.so.0
__fcntl@GLIBC_2.0                                 /lib/libc.so.6
__fprintf_chk                                     /lib/libc.so.6
                                                  .build/main.o
__fprintf_chk@@GLIBC_2.3.4                        /lib/libc.so.6
__fprintf_chk@GLIBC_2.3.4                         /lib/libc.so.6
                                                  /usr/local/lib/libusb-1.0.so.0
                                                  /usr/local/lib/libusb.so
__fread_chk                                       /lib/libc.so.6
                                                  .build/main.o
__fread_chk@@GLIBC_2.7                            /lib/libc.so.6
__fread_chk@GLIBC_2.7                             /lib/libc.so.6
__free_hook                                       /lib/libc.so.6
__free_hook@@GLIBC_2.0                            /lib/libc.so.6
__free_hook@GLIBC_2.0                             /lib/libc.so.6
__getdelim                                        /lib/libc.so.6
__getdelim@@GLIBC_2.0                             /lib/libc.so.6
__getdelim@GLIBC_2.0                              /lib/libc.so.6
                                                  /lib/libpthread.so.0
__gmon_start__                                    /lib/librt.so.1
                                                  /usr/local/lib/libusb-1.0.so.0
                                                  /usr/local/lib/libusb.so
                                                  /usr/lib/gcc/i486-linux-gnu/4.3.3/../../../../lib/crti.o
__i686.get_pc_thunk.bx                            /usr/lib/libc_nonshared.a(elf-init.oS)
__init_array_end                                  /usr/lib/libc_nonshared.a(elf-init.oS)
__init_array_start                                /usr/lib/libc_nonshared.a(elf-init.oS)
__isascii_l                                       /lib/libc.so.6
__isascii_l@@GLIBC_2.1                            /lib/libc.so.6
__isascii_l@GLIBC_2.1                             /lib/libc.so.6
__libc_csu_fini                                   /usr/lib/libc_nonshared.a(elf-init.oS)
                                                  /usr/lib/gcc/i486-linux-gnu/4.3.3/../../../../lib/crt1.o
__libc_csu_init                                   /usr/lib/libc_nonshared.a(elf-init.oS)
                                                  /usr/lib/gcc/i486-linux-gnu/4.3.3/../../../../lib/crt1.o
__libc_start_main                                 /lib/libc.so.6
                                                  /usr/lib/gcc/i486-linux-gnu/4.3.3/../../../../lib/crt1.o
__libc_start_main@@GLIBC_2.0                      /lib/libc.so.6
__libc_start_main@GLIBC_2.0                       /lib/libc.so.6
__lseek                                           /lib/libc.so.6
__lseek@@GLIBC_2.0                                /lib/libc.so.6
                                                  /lib/libpthread.so.0
__lseek@GLIBC_2.0                                 /lib/libc.so.6
__malloc_hook                                     /lib/libc.so.6
__malloc_hook@@GLIBC_2.0                          /lib/libc.so.6
__malloc_hook@GLIBC_2.0                           /lib/libc.so.6
__malloc_initialize_hook                          /lib/libc.so.6
__malloc_initialize_hook@@GLIBC_2.0               /lib/libc.so.6
__malloc_initialize_hook@GLIBC_2.0                /lib/libc.so.6
__memalign_hook                                   /lib/libc.so.6
__memalign_hook@@GLIBC_2.0                        /lib/libc.so.6
__memalign_hook@GLIBC_2.0                         /lib/libc.so.6
__nanosleep                                       /lib/libc.so.6
__nanosleep@@GLIBC_2.2.6                          /lib/libc.so.6
                                                  /lib/libpthread.so.0
__nanosleep@GLIBC_2.2.6                           /lib/libc.so.6
__open                                            /lib/libc.so.6
__open64                                          /lib/libc.so.6
__open64@@GLIBC_2.2                               /lib/libc.so.6
                                                  /lib/libpthread.so.0
__open64@GLIBC_2.2                                /lib/libc.so.6
__open@@GLIBC_2.0                                 /lib/libc.so.6
                                                  /lib/libpthread.so.0
__open@GLIBC_2.0                                  /lib/libc.so.6
__pread64                                         /lib/libc.so.6
__pread64@@GLIBC_2.1                              /lib/libc.so.6
__pread64@@GLIBC_2.2                              /lib/libpthread.so.0
__pread64@GLIBC_2.1                               /lib/libc.so.6
                                                  /lib/librt.so.1
__pread64@GLIBC_2.2                               /lib/libpthread.so.0
__printf_chk                                      /lib/libc.so.6
                                                  .build/main.o
                                                  .build/dump.o
__printf_chk@@GLIBC_2.3.4                         /lib/libc.so.6
__printf_chk@GLIBC_2.3.4                          /lib/libc.so.6
__pwrite64                                        /lib/libc.so.6
__pwrite64@@GLIBC_2.1                             /lib/libc.so.6
__pwrite64@@GLIBC_2.2                             /lib/libpthread.so.0
__pwrite64@GLIBC_2.1                              /lib/libc.so.6
                                                  /lib/librt.so.1
__pwrite64@GLIBC_2.2                              /lib/libpthread.so.0
__read                                            /lib/libc.so.6
__read@@GLIBC_2.0                                 /lib/libc.so.6
                                                  /lib/libpthread.so.0
__read@GLIBC_2.0                                  /lib/libc.so.6
__realloc_hook                                    /lib/libc.so.6
__realloc_hook@@GLIBC_2.0                         /lib/libc.so.6
__realloc_hook@GLIBC_2.0                          /lib/libc.so.6
__send                                            /lib/libc.so.6
__send@@GLIBC_2.0                                 /lib/libc.so.6
                                                  /lib/libpthread.so.0
__send@GLIBC_2.0                                  /lib/libc.so.6
__sigaction                                       /lib/libc.so.6
__sigaction@@GLIBC_2.0                            /lib/libc.so.6
                                                  /lib/libpthread.so.0
__sigaction@GLIBC_2.0                             /lib/libc.so.6
__sprintf_chk                                     /lib/libc.so.6
                                                  ../common/libcommon.a(libusb.o)
__sprintf_chk@@GLIBC_2.3.4                        /lib/libc.so.6
__sprintf_chk@GLIBC_2.3.4                         /lib/libc.so.6
                                                  /usr/local/lib/libusb.so
__toascii_l                                       /lib/libc.so.6
__toascii_l@@GLIBC_2.1                            /lib/libc.so.6
__toascii_l@GLIBC_2.1                             /lib/libc.so.6
__vsnprintf                                       /lib/libc.so.6
__vsnprintf@@GLIBC_2.0                            /lib/libc.so.6
__vsnprintf@GLIBC_2.0                             /lib/libc.so.6
__vsscanf                                         /lib/libc.so.6
__vsscanf@@GLIBC_2.0                              /lib/libc.so.6
__vsscanf@GLIBC_2.0                               /lib/libc.so.6
__wait                                            /lib/libc.so.6
__wait@@GLIBC_2.0                                 /lib/libc.so.6
                                                  /lib/libpthread.so.0
__wait@GLIBC_2.0                                  /lib/libc.so.6
__write                                           /lib/libc.so.6
__write@@GLIBC_2.0                                /lib/libc.so.6
                                                  /lib/libpthread.so.0
__write@GLIBC_2.0                                 /lib/libc.so.6
__xpg_sigpause                                    /lib/libc.so.6
__xpg_sigpause@@GLIBC_2.2                         /lib/libc.so.6
__xpg_sigpause@GLIBC_2.2                          /lib/libc.so.6
_dl_starting_up                                   /lib/libc.so.6
_edata                                            /usr/local/lib/libusb.so
                                                  /usr/local/lib/libusb-1.0.so.0
_end                                              /usr/local/lib/libusb.so
                                                  /usr/local/lib/libusb-1.0.so.0
_environ                                          /lib/libc.so.6
_environ@@GLIBC_2.0                               /lib/libc.so.6
_environ@GLIBC_2.0                                /lib/libc.so.6
_fini                                             /usr/lib/gcc/i486-linux-gnu/4.3.3/../../../../lib/crti.o
                                                  /usr/local/lib/libusb-1.0.so.0
                                                  /usr/local/lib/libusb.so
_flushlbf                                         /lib/libc.so.6
_flushlbf@@GLIBC_2.2                              /lib/libc.so.6
_flushlbf@GLIBC_2.2                               /lib/libc.so.6
_fp_hw                                            /usr/lib/gcc/i486-linux-gnu/4.3.3/../../../../lib/crt1.o
_init                                             /usr/lib/gcc/i486-linux-gnu/4.3.3/../../../../lib/crti.o
                                                  /usr/local/lib/libusb-1.0.so.0
                                                  /usr/lib/libc_nonshared.a(elf-init.oS)
                                                  /usr/local/lib/libusb.so
_longjmp                                          /lib/libc.so.6
_longjmp@@GLIBC_2.0                               /lib/libc.so.6
_longjmp@GLIBC_2.0                                /lib/libc.so.6
_start                                            /usr/lib/gcc/i486-linux-gnu/4.3.3/../../../../lib/crt1.o
accept                                            /lib/libc.so.6
accept@@GLIBC_2.0                                 /lib/libc.so.6
                                                  /lib/libpthread.so.0
accept@GLIBC_2.0                                  /lib/libc.so.6
access                                            /lib/libc.so.6
access@@GLIBC_2.0                                 /lib/libc.so.6
access@GLIBC_2.0                                  /lib/libc.so.6
addmntent                                         /lib/libc.so.6
addmntent@@GLIBC_2.0                              /lib/libc.so.6
addmntent@GLIBC_2.0                               /lib/libc.so.6
adjtime                                           /lib/libc.so.6
adjtime@@GLIBC_2.0                                /lib/libc.so.6
adjtime@GLIBC_2.0                                 /lib/libc.so.6
adjtimex                                          /lib/libc.so.6
adjtimex@@GLIBC_2.0                               /lib/libc.so.6
adjtimex@GLIBC_2.0                                /lib/libc.so.6
advance                                           /lib/libc.so.6
advance@@GLIBC_2.0                                /lib/libc.so.6
advance@GLIBC_2.0                                 /lib/libc.so.6
aio_cancel64                                      /lib/librt.so.1
aio_cancel64@@GLIBC_2.1                           /lib/librt.so.1
aio_cancel64@GLIBC_2.1                            /lib/librt.so.1
aio_error64                                       /lib/librt.so.1
aio_error64@@GLIBC_2.1                            /lib/librt.so.1
aio_error64@GLIBC_2.1                             /lib/librt.so.1
aio_fsync64                                       /lib/librt.so.1
aio_fsync64@@GLIBC_2.1                            /lib/librt.so.1
aio_fsync64@GLIBC_2.1                             /lib/librt.so.1
aio_init                                          /lib/librt.so.1
aio_init@@GLIBC_2.1                               /lib/librt.so.1
aio_init@GLIBC_2.1                                /lib/librt.so.1
aio_return64                                      /lib/librt.so.1
aio_return64@@GLIBC_2.1                           /lib/librt.so.1
aio_return64@GLIBC_2.1                            /lib/librt.so.1
aio_suspend64                                     /lib/librt.so.1
aio_suspend64@@GLIBC_2.1                          /lib/librt.so.1
aio_suspend64@GLIBC_2.1                           /lib/librt.so.1
argp_error                                        /lib/libc.so.6
argp_error@@GLIBC_2.1                             /lib/libc.so.6
argp_error@GLIBC_2.1                              /lib/libc.so.6
argp_failure                                      /lib/libc.so.6
argp_failure@@GLIBC_2.1                           /lib/libc.so.6
argp_failure@GLIBC_2.1                            /lib/libc.so.6
argp_help                                         /lib/libc.so.6
argp_help@@GLIBC_2.1                              /lib/libc.so.6
argp_help@GLIBC_2.1                               /lib/libc.so.6
argp_parse                                        /lib/libc.so.6
argp_parse@@GLIBC_2.1                             /lib/libc.so.6
argp_parse@GLIBC_2.1                              /lib/libc.so.6
argp_state_help                                   /lib/libc.so.6
argp_state_help@@GLIBC_2.1                        /lib/libc.so.6
argp_state_help@GLIBC_2.1                         /lib/libc.so.6
argp_usage                                        /lib/libc.so.6
argp_usage@@GLIBC_2.1                             /lib/libc.so.6
argp_usage@GLIBC_2.1                              /lib/libc.so.6
argz_add                                          /lib/libc.so.6
argz_add@@GLIBC_2.0                               /lib/libc.so.6
argz_add@GLIBC_2.0                                /lib/libc.so.6
argz_add_sep                                      /lib/libc.so.6
argz_add_sep@@GLIBC_2.0                           /lib/libc.so.6
argz_add_sep@GLIBC_2.0                            /lib/libc.so.6
argz_append                                       /lib/libc.so.6
argz_append@@GLIBC_2.0                            /lib/libc.so.6
argz_append@GLIBC_2.0                             /lib/libc.so.6
argz_count                                        /lib/libc.so.6
argz_count@@GLIBC_2.0                             /lib/libc.so.6
argz_count@GLIBC_2.0                              /lib/libc.so.6
argz_create                                       /lib/libc.so.6
argz_create@@GLIBC_2.0                            /lib/libc.so.6
argz_create@GLIBC_2.0                             /lib/libc.so.6
argz_create_sep                                   /lib/libc.so.6
argz_create_sep@@GLIBC_2.0                        /lib/libc.so.6
argz_create_sep@GLIBC_2.0                         /lib/libc.so.6
argz_extract                                      /lib/libc.so.6
argz_extract@@GLIBC_2.0                           /lib/libc.so.6
argz_extract@GLIBC_2.0                            /lib/libc.so.6
argz_insert                                       /lib/libc.so.6
argz_insert@@GLIBC_2.0                            /lib/libc.so.6
argz_insert@GLIBC_2.0                             /lib/libc.so.6
argz_next                                         /lib/libc.so.6
argz_next@@GLIBC_2.0                              /lib/libc.so.6
argz_next@GLIBC_2.0                               /lib/libc.so.6
argz_replace                                      /lib/libc.so.6
argz_replace@@GLIBC_2.0                           /lib/libc.so.6
argz_replace@GLIBC_2.0                            /lib/libc.so.6
argz_stringify                                    /lib/libc.so.6
argz_stringify@@GLIBC_2.0                         /lib/libc.so.6
argz_stringify@GLIBC_2.0                          /lib/libc.so.6
asctime_r                                         /lib/libc.so.6
asctime_r@@GLIBC_2.0                              /lib/libc.so.6
asctime_r@GLIBC_2.0                               /lib/libc.so.6
asprintf                                          /lib/libc.so.6
asprintf@@GLIBC_2.0                               /lib/libc.so.6
asprintf@GLIBC_2.0                                /lib/libc.so.6
backtrace                                         /lib/libc.so.6
backtrace@@GLIBC_2.1                              /lib/libc.so.6
backtrace@GLIBC_2.1                               /lib/libc.so.6
backtrace_symbols                                 /lib/libc.so.6
backtrace_symbols@@GLIBC_2.1                      /lib/libc.so.6
backtrace_symbols@GLIBC_2.1                       /lib/libc.so.6
backtrace_symbols_fd                              /lib/libc.so.6
backtrace_symbols_fd@@GLIBC_2.1                   /lib/libc.so.6
backtrace_symbols_fd@GLIBC_2.1                    /lib/libc.so.6
bcmp                                              /lib/libc.so.6
bcmp@@GLIBC_2.0                                   /lib/libc.so.6
bcmp@GLIBC_2.0                                    /lib/libc.so.6
bind_textdomain_codeset                           /lib/libc.so.6
bind_textdomain_codeset@@GLIBC_2.2                /lib/libc.so.6
bind_textdomain_codeset@GLIBC_2.2                 /lib/libc.so.6
bindtextdomain                                    /lib/libc.so.6
bindtextdomain@@GLIBC_2.0                         /lib/libc.so.6
bindtextdomain@GLIBC_2.0                          /lib/libc.so.6
brk                                               /lib/libc.so.6
brk@@GLIBC_2.0                                    /lib/libc.so.6
brk@GLIBC_2.0                                     /lib/libc.so.6
bsd_signal                                        /lib/libc.so.6
bsd_signal@@GLIBC_2.0                             /lib/libc.so.6
bsd_signal@GLIBC_2.0                              /lib/libc.so.6
btowc                                             /lib/libc.so.6
btowc@@GLIBC_2.0                                  /lib/libc.so.6
btowc@GLIBC_2.0                                   /lib/libc.so.6
bzero                                             /lib/libc.so.6
bzero@@GLIBC_2.0                                  /lib/libc.so.6
bzero@GLIBC_2.0                                   /lib/libc.so.6
calloc                                            /lib/libc.so.6
calloc@@GLIBC_2.0                                 /lib/libc.so.6
                                                  /lib/ld-linux.so.2
calloc@GLIBC_2.0                                  /lib/libc.so.6
                                                  /lib/libpthread.so.0
                                                  /lib/librt.so.1
                                                  /usr/local/lib/libusb-1.0.so.0
canonicalize_file_name                            /lib/libc.so.6
canonicalize_file_name@@GLIBC_2.0                 /lib/libc.so.6
canonicalize_file_name@GLIBC_2.0                  /lib/libc.so.6
cfree                                             /lib/libc.so.6
cfree@@GLIBC_2.0                                  /lib/libc.so.6
cfree@GLIBC_2.0                                   /lib/libc.so.6
chdir                                             /lib/libc.so.6
chdir@@GLIBC_2.0                                  /lib/libc.so.6
chdir@GLIBC_2.0                                   /lib/libc.so.6
chmod                                             /lib/libc.so.6
chmod@@GLIBC_2.0                                  /lib/libc.so.6
chmod@GLIBC_2.0                                   /lib/libc.so.6
clearenv                                          /lib/libc.so.6
clearenv@@GLIBC_2.0                               /lib/libc.so.6
clearenv@GLIBC_2.0                                /lib/libc.so.6
clone                                             /lib/libc.so.6
clone@@GLIBC_2.0                                  /lib/libc.so.6
clone@GLIBC_2.0                                   /lib/libc.so.6
close                                             /lib/libc.so.6
close@@GLIBC_2.0                                  /lib/libc.so.6
                                                  /lib/libpthread.so.0
close@GLIBC_2.0                                   /lib/libc.so.6
                                                  /lib/librt.so.1
                                                  /usr/local/lib/libusb-1.0.so.0
closedir                                          /lib/libc.so.6
closedir@@GLIBC_2.0                               /lib/libc.so.6
closedir@GLIBC_2.0                                /lib/libc.so.6
                                                  /usr/local/lib/libusb-1.0.so.0
connect                                           /lib/libc.so.6
connect@@GLIBC_2.0                                /lib/libc.so.6
                                                  /lib/libpthread.so.0
connect@GLIBC_2.0                                 /lib/libc.so.6
copysign                                          /lib/libc.so.6
copysign@@GLIBC_2.0                               /lib/libc.so.6
copysign@GLIBC_2.0                                /lib/libc.so.6
copysignf                                         /lib/libc.so.6
copysignf@@GLIBC_2.0                              /lib/libc.so.6
copysignf@GLIBC_2.0                               /lib/libc.so.6
copysignl                                         /lib/libc.so.6
copysignl@@GLIBC_2.0                              /lib/libc.so.6
copysignl@GLIBC_2.0                               /lib/libc.so.6
creat                                             /lib/libc.so.6
creat@@GLIBC_2.0                                  /lib/libc.so.6
creat@GLIBC_2.0                                   /lib/libc.so.6
data_start                                        /usr/lib/gcc/i486-linux-gnu/4.3.3/../../../../lib/crt1.o
daylight                                          /lib/libc.so.6
daylight@@GLIBC_2.0                               /lib/libc.so.6
daylight@GLIBC_2.0                                /lib/libc.so.6
dcgettext                                         /lib/libc.so.6
dcgettext@@GLIBC_2.0                              /lib/libc.so.6
dcgettext@GLIBC_2.0                               /lib/libc.so.6
dcngettext                                        /lib/libc.so.6
dcngettext@@GLIBC_2.2                             /lib/libc.so.6
dcngettext@GLIBC_2.2                              /lib/libc.so.6
dgettext                                          /lib/libc.so.6
dgettext@@GLIBC_2.0                               /lib/libc.so.6
dgettext@GLIBC_2.0                                /lib/libc.so.6
dl_iterate_phdr                                   /lib/libc.so.6
dl_iterate_phdr@@GLIBC_2.2.4                      /lib/libc.so.6
dl_iterate_phdr@GLIBC_2.2.4                       /lib/libc.so.6
dngettext                                         /lib/libc.so.6
dngettext@@GLIBC_2.2                              /lib/libc.so.6
dngettext@GLIBC_2.2                               /lib/libc.so.6
dump                                              .build/dump.o
dumpSimple                                        .build/dump.o
dup                                               /lib/libc.so.6
dup2                                              /lib/libc.so.6
dup2@@GLIBC_2.0                                   /lib/libc.so.6
dup2@GLIBC_2.0                                    /lib/libc.so.6
dup@@GLIBC_2.0                                    /lib/libc.so.6
dup@GLIBC_2.0                                     /lib/libc.so.6
duplocale                                         /lib/libc.so.6
duplocale@@GLIBC_2.3                              /lib/libc.so.6
duplocale@GLIBC_2.3                               /lib/libc.so.6
eaccess                                           /lib/libc.so.6
eaccess@@GLIBC_2.4                                /lib/libc.so.6
eaccess@GLIBC_2.4                                 /lib/libc.so.6
endmntent                                         /lib/libc.so.6
endmntent@@GLIBC_2.0                              /lib/libc.so.6
endmntent@GLIBC_2.0                               /lib/libc.so.6
endutent                                          /lib/libc.so.6
endutent@@GLIBC_2.0                               /lib/libc.so.6
endutent@GLIBC_2.0                                /lib/libc.so.6
environ                                           /lib/libc.so.6
environ@@GLIBC_2.0                                /lib/libc.so.6
environ@GLIBC_2.0                                 /lib/libc.so.6
erand48_r                                         /lib/libc.so.6
erand48_r@@GLIBC_2.0                              /lib/libc.so.6
erand48_r@GLIBC_2.0                               /lib/libc.so.6
error                                             /lib/libc.so.6
error@@GLIBC_2.0                                  /lib/libc.so.6
error@GLIBC_2.0                                   /lib/libc.so.6
error_at_line                                     /lib/libc.so.6
error_at_line@@GLIBC_2.0                          /lib/libc.so.6
error_at_line@GLIBC_2.0                           /lib/libc.so.6
euidaccess                                        /lib/libc.so.6
euidaccess@@GLIBC_2.0                             /lib/libc.so.6
euidaccess@GLIBC_2.0                              /lib/libc.so.6
execve                                            /lib/libc.so.6
execve@@GLIBC_2.0                                 /lib/libc.so.6
execve@GLIBC_2.0                                  /lib/libc.so.6
exit                                              /lib/libc.so.6
                                                  .build/main.o
exit@@GLIBC_2.0                                   /lib/libc.so.6
exit@GLIBC_2.0                                    /lib/libc.so.6
                                                  /lib/libpthread.so.0
fchdir                                            /lib/libc.so.6
fchdir@@GLIBC_2.0                                 /lib/libc.so.6
fchdir@GLIBC_2.0                                  /lib/libc.so.6
fchmod                                            /lib/libc.so.6
fchmod@@GLIBC_2.0                                 /lib/libc.so.6
fchmod@GLIBC_2.0                                  /lib/libc.so.6
fchown                                            /lib/libc.so.6
fchown@@GLIBC_2.0                                 /lib/libc.so.6
fchown@GLIBC_2.0                                  /lib/libc.so.6
fclose                                            /lib/libc.so.6
                                                  .build/main.o
fclose@@GLIBC_2.1                                 /lib/libc.so.6
fclose@GLIBC_2.1                                  /lib/libc.so.6
                                                  /lib/libpthread.so.0
                                                  /usr/local/lib/libusb-1.0.so.0
fcloseall                                         /lib/libc.so.6
fcloseall@@GLIBC_2.0                              /lib/libc.so.6
fcloseall@GLIBC_2.0                               /lib/libc.so.6
fcntl                                             /lib/libc.so.6
fcntl@@GLIBC_2.0                                  /lib/libc.so.6
                                                  /lib/libpthread.so.0
fcntl@GLIBC_2.0                                   /lib/libc.so.6
                                                  /lib/librt.so.1
fdopendir                                         /lib/libc.so.6
fdopendir@@GLIBC_2.4                              /lib/libc.so.6
fdopendir@GLIBC_2.4                               /lib/libc.so.6
feof                                              /lib/libc.so.6
feof@@GLIBC_2.0                                   /lib/libc.so.6
feof@GLIBC_2.0                                    /lib/libc.so.6
ferror                                            /lib/libc.so.6
ferror@@GLIBC_2.0                                 /lib/libc.so.6
ferror@GLIBC_2.0                                  /lib/libc.so.6
fflush                                            /lib/libc.so.6
fflush@@GLIBC_2.0                                 /lib/libc.so.6
fflush@GLIBC_2.0                                  /lib/libc.so.6
ffsl                                              /lib/libc.so.6
ffsl@@GLIBC_2.1                                   /lib/libc.so.6
ffsl@GLIBC_2.1                                    /lib/libc.so.6
fgetc                                             /lib/libc.so.6
fgetc@@GLIBC_2.0                                  /lib/libc.so.6
fgetc@GLIBC_2.0                                   /lib/libc.so.6
fgetc_unlocked                                    /lib/libc.so.6
fgetc_unlocked@@GLIBC_2.1                         /lib/libc.so.6
fgetc_unlocked@GLIBC_2.1                          /lib/libc.so.6
fgetgrent_r                                       /lib/libc.so.6
fgetgrent_r@@GLIBC_2.0                            /lib/libc.so.6
fgetgrent_r@GLIBC_2.0                             /lib/libc.so.6
fgetpwent_r                                       /lib/libc.so.6
fgetpwent_r@@GLIBC_2.0                            /lib/libc.so.6
fgetpwent_r@GLIBC_2.0                             /lib/libc.so.6
fgets                                             /lib/libc.so.6
fgets@@GLIBC_2.0                                  /lib/libc.so.6
fgets@GLIBC_2.0                                   /lib/libc.so.6
fgetspent_r                                       /lib/libc.so.6
fgetspent_r@@GLIBC_2.0                            /lib/libc.so.6
fgetspent_r@GLIBC_2.0                             /lib/libc.so.6
fgetwc                                            /lib/libc.so.6
fgetwc@@GLIBC_2.2                                 /lib/libc.so.6
fgetwc@GLIBC_2.2                                  /lib/libc.so.6
fgetwc_unlocked                                   /lib/libc.so.6
fgetwc_unlocked@@GLIBC_2.2                        /lib/libc.so.6
fgetwc_unlocked@GLIBC_2.2                         /lib/libc.so.6
fileno_unlocked                                   /lib/libc.so.6
fileno_unlocked@@GLIBC_2.0                        /lib/libc.so.6
fileno_unlocked@GLIBC_2.0                         /lib/libc.so.6
finite                                            /lib/libc.so.6
finite@@GLIBC_2.0                                 /lib/libc.so.6
finite@GLIBC_2.0                                  /lib/libc.so.6
finitef                                           /lib/libc.so.6
finitef@@GLIBC_2.0                                /lib/libc.so.6
finitef@GLIBC_2.0                                 /lib/libc.so.6
finitel                                           /lib/libc.so.6
finitel@@GLIBC_2.0                                /lib/libc.so.6
finitel@GLIBC_2.0                                 /lib/libc.so.6
flock                                             /lib/libc.so.6
flock@@GLIBC_2.0                                  /lib/libc.so.6
flock@GLIBC_2.0                                   /lib/libc.so.6
flockfile                                         /lib/libc.so.6
flockfile@@GLIBC_2.0                              /lib/libc.so.6
                                                  /lib/libpthread.so.0
flockfile@GLIBC_2.0                               /lib/libc.so.6
fopen                                             /lib/libc.so.6
                                                  .build/main.o
fopen64                                           /lib/libc.so.6
fopen64@@GLIBC_2.1                                /lib/libc.so.6
fopen64@GLIBC_2.1                                 /lib/libc.so.6
fopen@@GLIBC_2.1                                  /lib/libc.so.6
fopen@GLIBC_2.1                                   /lib/libc.so.6
                                                  /lib/libpthread.so.0
                                                  /usr/local/lib/libusb-1.0.so.0
fork                                              /lib/libc.so.6
fork@@GLIBC_2.0                                   /lib/libc.so.6
                                                  /lib/libpthread.so.0
fork@GLIBC_2.0                                    /lib/libc.so.6
fpathconf                                         /lib/libc.so.6
fpathconf@@GLIBC_2.0                              /lib/libc.so.6
fpathconf@GLIBC_2.0                               /lib/libc.so.6
fputs                                             /lib/libc.so.6
fputs@@GLIBC_2.0                                  /lib/libc.so.6
fputs@GLIBC_2.0                                   /lib/libc.so.6
fread                                             /lib/libc.so.6
fread@@GLIBC_2.0                                  /lib/libc.so.6
fread@GLIBC_2.0                                   /lib/libc.so.6
free                                              /lib/libc.so.6
                                                  .build/main.o
free@@GLIBC_2.0                                   /lib/libc.so.6
                                                  /lib/ld-linux.so.2
free@GLIBC_2.0                                    /lib/libc.so.6
                                                  /lib/libpthread.so.0
                                                  /lib/librt.so.1
                                                  /usr/local/lib/libusb-1.0.so.0
                                                  /usr/local/lib/libusb.so
freelocale                                        /lib/libc.so.6
freelocale@@GLIBC_2.3                             /lib/libc.so.6
freelocale@GLIBC_2.3                              /lib/libc.so.6
frexp                                             /lib/libc.so.6
frexp@@GLIBC_2.0                                  /lib/libc.so.6
frexp@GLIBC_2.0                                   /lib/libc.so.6
frexpf                                            /lib/libc.so.6
frexpf@@GLIBC_2.0                                 /lib/libc.so.6
frexpf@GLIBC_2.0                                  /lib/libc.so.6
frexpl                                            /lib/libc.so.6
frexpl@@GLIBC_2.0                                 /lib/libc.so.6
frexpl@GLIBC_2.0                                  /lib/libc.so.6
fstatfs                                           /lib/libc.so.6
fstatfs64                                         /lib/libc.so.6
fstatfs64@@GLIBC_2.1                              /lib/libc.so.6
fstatfs64@GLIBC_2.1                               /lib/libc.so.6
fstatfs@@GLIBC_2.0                                /lib/libc.so.6
fstatfs@GLIBC_2.0                                 /lib/libc.so.6
fstatvfs64                                        /lib/libc.so.6
fstatvfs64@@GLIBC_2.1                             /lib/libc.so.6
fstatvfs64@GLIBC_2.1                              /lib/libc.so.6
fsync                                             /lib/libc.so.6
fsync@@GLIBC_2.0                                  /lib/libc.so.6
                                                  /lib/libpthread.so.0
fsync@GLIBC_2.0                                   /lib/libc.so.6
                                                  /lib/librt.so.1
ftell                                             /lib/libc.so.6
ftell@@GLIBC_2.0                                  /lib/libc.so.6
ftell@GLIBC_2.0                                   /lib/libc.so.6
ftruncate                                         /lib/libc.so.6
ftruncate64                                       /lib/libc.so.6
ftruncate64@@GLIBC_2.1                            /lib/libc.so.6
ftruncate64@GLIBC_2.1                             /lib/libc.so.6
ftruncate@@GLIBC_2.0                              /lib/libc.so.6
ftruncate@GLIBC_2.0                               /lib/libc.so.6
ftrylockfile                                      /lib/libc.so.6
ftrylockfile@@GLIBC_2.0                           /lib/libc.so.6
                                                  /lib/libpthread.so.0
ftrylockfile@GLIBC_2.0                            /lib/libc.so.6
funlockfile                                       /lib/libc.so.6
funlockfile@@GLIBC_2.0                            /lib/libc.so.6
                                                  /lib/libpthread.so.0
funlockfile@GLIBC_2.0                             /lib/libc.so.6
futimes                                           /lib/libc.so.6
futimes@@GLIBC_2.3                                /lib/libc.so.6
futimes@GLIBC_2.3                                 /lib/libc.so.6
fwprintf                                          /lib/libc.so.6
fwprintf@@GLIBC_2.2                               /lib/libc.so.6
fwprintf@GLIBC_2.2                                /lib/libc.so.6
fwrite                                            /lib/libc.so.6
fwrite@@GLIBC_2.0                                 /lib/libc.so.6
fwrite@GLIBC_2.0                                  /lib/libc.so.6
get_avphys_pages                                  /lib/libc.so.6
get_avphys_pages@@GLIBC_2.0                       /lib/libc.so.6
get_avphys_pages@GLIBC_2.0                        /lib/libc.so.6
get_nprocs                                        /lib/libc.so.6
get_nprocs@@GLIBC_2.0                             /lib/libc.so.6
get_nprocs@GLIBC_2.0                              /lib/libc.so.6
get_nprocs_conf                                   /lib/libc.so.6
get_nprocs_conf@@GLIBC_2.0                        /lib/libc.so.6
get_nprocs_conf@GLIBC_2.0                         /lib/libc.so.6
get_phys_pages                                    /lib/libc.so.6
get_phys_pages@@GLIBC_2.0                         /lib/libc.so.6
get_phys_pages@GLIBC_2.0                          /lib/libc.so.6
getc                                              /lib/libc.so.6
getc@@GLIBC_2.0                                   /lib/libc.so.6
getc@GLIBC_2.0                                    /lib/libc.so.6
getc_unlocked                                     /lib/libc.so.6
getc_unlocked@@GLIBC_2.0                          /lib/libc.so.6
getc_unlocked@GLIBC_2.0                           /lib/libc.so.6
getcontext                                        /lib/libc.so.6
getcontext@@GLIBC_2.1                             /lib/libc.so.6
getcontext@GLIBC_2.1                              /lib/libc.so.6
getcwd                                            /lib/libc.so.6
getcwd@@GLIBC_2.0                                 /lib/libc.so.6
getcwd@GLIBC_2.0                                  /lib/libc.so.6
getdate_r                                         /lib/libc.so.6
getdate_r@@GLIBC_2.1                              /lib/libc.so.6
getdate_r@GLIBC_2.1                               /lib/libc.so.6
getdelim                                          /lib/libc.so.6
getdelim@@GLIBC_2.0                               /lib/libc.so.6
getdelim@GLIBC_2.0                                /lib/libc.so.6
getdtablesize                                     /lib/libc.so.6
getdtablesize@@GLIBC_2.0                          /lib/libc.so.6
getdtablesize@GLIBC_2.0                           /lib/libc.so.6
getegid                                           /lib/libc.so.6
getegid@@GLIBC_2.0                                /lib/libc.so.6
getegid@GLIBC_2.0                                 /lib/libc.so.6
geteuid                                           /lib/libc.so.6
geteuid@@GLIBC_2.0                                /lib/libc.so.6
geteuid@GLIBC_2.0                                 /lib/libc.so.6
getgid                                            /lib/libc.so.6
getgid@@GLIBC_2.0                                 /lib/libc.so.6
getgid@GLIBC_2.0                                  /lib/libc.so.6
getgroups                                         /lib/libc.so.6
getgroups@@GLIBC_2.0                              /lib/libc.so.6
getgroups@GLIBC_2.0                               /lib/libc.so.6
gethostname                                       /lib/libc.so.6
gethostname@@GLIBC_2.0                            /lib/libc.so.6
gethostname@GLIBC_2.0                             /lib/libc.so.6
getitimer                                         /lib/libc.so.6
getitimer@@GLIBC_2.0                              /lib/libc.so.6
getitimer@GLIBC_2.0                               /lib/libc.so.6
getline                                           /lib/libc.so.6
getline@@GLIBC_2.0                                /lib/libc.so.6
getline@GLIBC_2.0                                 /lib/libc.so.6
getmntent_r                                       /lib/libc.so.6
getmntent_r@@GLIBC_2.0                            /lib/libc.so.6
getmntent_r@GLIBC_2.0                             /lib/libc.so.6
getnetgrent_r                                     /lib/libc.so.6
getnetgrent_r@@GLIBC_2.0                          /lib/libc.so.6
getnetgrent_r@GLIBC_2.0                           /lib/libc.so.6
getpagesize                                       /lib/libc.so.6
getpagesize@@GLIBC_2.0                            /lib/libc.so.6
getpagesize@GLIBC_2.0                             /lib/libc.so.6
getpeername                                       /lib/libc.so.6
getpeername@@GLIBC_2.0                            /lib/libc.so.6
getpeername@GLIBC_2.0                             /lib/libc.so.6
getpgid                                           /lib/libc.so.6
getpgid@@GLIBC_2.0                                /lib/libc.so.6
getpgid@GLIBC_2.0                                 /lib/libc.so.6
getppid                                           /lib/libc.so.6
getppid@@GLIBC_2.0                                /lib/libc.so.6
getppid@GLIBC_2.0                                 /lib/libc.so.6
getpt                                             /lib/libc.so.6
getpt@@GLIBC_2.1                                  /lib/libc.so.6
getpt@GLIBC_2.1                                   /lib/libc.so.6
getpw                                             /lib/libc.so.6
getpw@@GLIBC_2.0                                  /lib/libc.so.6
getpw@GLIBC_2.0                                   /lib/libc.so.6
getresgid                                         /lib/libc.so.6
getresgid@@GLIBC_2.0                              /lib/libc.so.6
getresgid@GLIBC_2.0                               /lib/libc.so.6
getresuid                                         /lib/libc.so.6
getresuid@@GLIBC_2.0                              /lib/libc.so.6
getresuid@GLIBC_2.0                               /lib/libc.so.6
getrusage                                         /lib/libc.so.6
getrusage@@GLIBC_2.0                              /lib/libc.so.6
getrusage@GLIBC_2.0                               /lib/libc.so.6
gets                                              /lib/libc.so.6
gets@@GLIBC_2.0                                   /lib/libc.so.6
gets@GLIBC_2.0                                    /lib/libc.so.6
getsockopt                                        /lib/libc.so.6
getsockopt@@GLIBC_2.0                             /lib/libc.so.6
getsockopt@GLIBC_2.0                              /lib/libc.so.6
gettext                                           /lib/libc.so.6
gettext@@GLIBC_2.0                                /lib/libc.so.6
gettext@GLIBC_2.0                                 /lib/libc.so.6
gettimeofday                                      /lib/libc.so.6
                                                  .build/main.o
gettimeofday@@GLIBC_2.0                           /lib/libc.so.6
gettimeofday@GLIBC_2.0                            /lib/libc.so.6
                                                  /lib/librt.so.1
getuid                                            /lib/libc.so.6
getuid@@GLIBC_2.0                                 /lib/libc.so.6
getuid@GLIBC_2.0                                  /lib/libc.so.6
                                                  /lib/librt.so.1
getutent                                          /lib/libc.so.6
getutent@@GLIBC_2.0                               /lib/libc.so.6
getutent@GLIBC_2.0                                /lib/libc.so.6
getutent_r                                        /lib/libc.so.6
getutent_r@@GLIBC_2.0                             /lib/libc.so.6
getutent_r@GLIBC_2.0                              /lib/libc.so.6
getutid                                           /lib/libc.so.6
getutid@@GLIBC_2.0                                /lib/libc.so.6
getutid@GLIBC_2.0                                 /lib/libc.so.6
getutid_r                                         /lib/libc.so.6
getutid_r@@GLIBC_2.0                              /lib/libc.so.6
getutid_r@GLIBC_2.0                               /lib/libc.so.6
getutline                                         /lib/libc.so.6
getutline@@GLIBC_2.0                              /lib/libc.so.6
getutline@GLIBC_2.0                               /lib/libc.so.6
getutline_r                                       /lib/libc.so.6
getutline_r@@GLIBC_2.0                            /lib/libc.so.6
getutline_r@GLIBC_2.0                             /lib/libc.so.6
getwc                                             /lib/libc.so.6
getwc@@GLIBC_2.2                                  /lib/libc.so.6
getwc@GLIBC_2.2                                   /lib/libc.so.6
getwc_unlocked                                    /lib/libc.so.6
getwc_unlocked@@GLIBC_2.2                         /lib/libc.so.6
getwc_unlocked@GLIBC_2.2                          /lib/libc.so.6
glob_pattern_p                                    /lib/libc.so.6
glob_pattern_p@@GLIBC_2.0                         /lib/libc.so.6
glob_pattern_p@GLIBC_2.0                          /lib/libc.so.6
gmtime_r                                          /lib/libc.so.6
gmtime_r@@GLIBC_2.0                               /lib/libc.so.6
gmtime_r@GLIBC_2.0                                /lib/libc.so.6
gnu_get_libc_release                              /lib/libc.so.6
gnu_get_libc_release@@GLIBC_2.1                   /lib/libc.so.6
gnu_get_libc_release@GLIBC_2.1                    /lib/libc.so.6
gnu_get_libc_version                              /lib/libc.so.6
gnu_get_libc_version@@GLIBC_2.1                   /lib/libc.so.6
gnu_get_libc_version@GLIBC_2.1                    /lib/libc.so.6
group_member                                      /lib/libc.so.6
group_member@@GLIBC_2.0                           /lib/libc.so.6
group_member@GLIBC_2.0                            /lib/libc.so.6
gsignal                                           /lib/libc.so.6
gsignal@@GLIBC_2.0                                /lib/libc.so.6
gsignal@GLIBC_2.0                                 /lib/libc.so.6
hasmntopt                                         /lib/libc.so.6
hasmntopt@@GLIBC_2.0                              /lib/libc.so.6
hasmntopt@GLIBC_2.0                               /lib/libc.so.6
hdestroy                                          /lib/libc.so.6
hdestroy@@GLIBC_2.0                               /lib/libc.so.6
hdestroy@GLIBC_2.0                                /lib/libc.so.6
imaxabs                                           /lib/libc.so.6
imaxabs@@GLIBC_2.1.1                              /lib/libc.so.6
imaxabs@GLIBC_2.1.1                               /lib/libc.so.6
imaxdiv                                           /lib/libc.so.6
imaxdiv@@GLIBC_2.1.1                              /lib/libc.so.6
imaxdiv@GLIBC_2.1.1                               /lib/libc.so.6
index                                             /lib/libc.so.6
index@@GLIBC_2.0                                  /lib/libc.so.6
index@GLIBC_2.0                                   /lib/libc.so.6
inet_aton                                         /lib/libc.so.6
inet_aton@@GLIBC_2.0                              /lib/libc.so.6
inet_aton@GLIBC_2.0                               /lib/libc.so.6
initstate                                         /lib/libc.so.6
initstate@@GLIBC_2.0                              /lib/libc.so.6
initstate@GLIBC_2.0                               /lib/libc.so.6
initstate_r                                       /lib/libc.so.6
initstate_r@@GLIBC_2.0                            /lib/libc.so.6
initstate_r@GLIBC_2.0                             /lib/libc.so.6
ioctl                                             /lib/libc.so.6
ioctl@@GLIBC_2.0                                  /lib/libc.so.6
ioctl@GLIBC_2.0                                   /lib/libc.so.6
                                                  /usr/local/lib/libusb-1.0.so.0
isalnum_l                                         /lib/libc.so.6
isalnum_l@@GLIBC_2.3                              /lib/libc.so.6
isalnum_l@GLIBC_2.3                               /lib/libc.so.6
isalpha_l                                         /lib/libc.so.6
isalpha_l@@GLIBC_2.3                              /lib/libc.so.6
isalpha_l@GLIBC_2.3                               /lib/libc.so.6
isatty                                            /lib/libc.so.6
isatty@@GLIBC_2.0                                 /lib/libc.so.6
isatty@GLIBC_2.0                                  /lib/libc.so.6
isblank_l                                         /lib/libc.so.6
isblank_l@@GLIBC_2.3                              /lib/libc.so.6
isblank_l@GLIBC_2.3                               /lib/libc.so.6
iscntrl_l                                         /lib/libc.so.6
iscntrl_l@@GLIBC_2.3                              /lib/libc.so.6
iscntrl_l@GLIBC_2.3                               /lib/libc.so.6
isctype                                           /lib/libc.so.6
isctype@@GLIBC_2.3                                /lib/libc.so.6
isctype@GLIBC_2.3                                 /lib/libc.so.6
isdigit_l                                         /lib/libc.so.6
isdigit_l@@GLIBC_2.3                              /lib/libc.so.6
isdigit_l@GLIBC_2.3                               /lib/libc.so.6
isgraph_l                                         /lib/libc.so.6
isgraph_l@@GLIBC_2.3                              /lib/libc.so.6
isgraph_l@GLIBC_2.3                               /lib/libc.so.6
isinf                                             /lib/libc.so.6
isinf@@GLIBC_2.0                                  /lib/libc.so.6
isinf@GLIBC_2.0                                   /lib/libc.so.6
isinff                                            /lib/libc.so.6
isinff@@GLIBC_2.0                                 /lib/libc.so.6
isinff@GLIBC_2.0                                  /lib/libc.so.6
isinfl                                            /lib/libc.so.6
isinfl@@GLIBC_2.0                                 /lib/libc.so.6
isinfl@GLIBC_2.0                                  /lib/libc.so.6
islower_l                                         /lib/libc.so.6
islower_l@@GLIBC_2.3                              /lib/libc.so.6
islower_l@GLIBC_2.3                               /lib/libc.so.6
isnan                                             /lib/libc.so.6
isnan@@GLIBC_2.0                                  /lib/libc.so.6
isnan@GLIBC_2.0                                   /lib/libc.so.6
isnanf                                            /lib/libc.so.6
isnanf@@GLIBC_2.0                                 /lib/libc.so.6
isnanf@GLIBC_2.0                                  /lib/libc.so.6
isnanl                                            /lib/libc.so.6
isnanl@@GLIBC_2.0                                 /lib/libc.so.6
isnanl@GLIBC_2.0                                  /lib/libc.so.6
isprint_l                                         /lib/libc.so.6
isprint_l@@GLIBC_2.3                              /lib/libc.so.6
isprint_l@GLIBC_2.3                               /lib/libc.so.6
ispunct_l                                         /lib/libc.so.6
ispunct_l@@GLIBC_2.3                              /lib/libc.so.6
ispunct_l@GLIBC_2.3                               /lib/libc.so.6
isspace_l                                         /lib/libc.so.6
isspace_l@@GLIBC_2.3                              /lib/libc.so.6
isspace_l@GLIBC_2.3                               /lib/libc.so.6
isupper_l                                         /lib/libc.so.6
isupper_l@@GLIBC_2.3                              /lib/libc.so.6
isupper_l@GLIBC_2.3                               /lib/libc.so.6
iswalnum                                          /lib/libc.so.6
iswalnum@@GLIBC_2.0                               /lib/libc.so.6
iswalnum@GLIBC_2.0                                /lib/libc.so.6
iswalnum_l                                        /lib/libc.so.6
iswalnum_l@@GLIBC_2.3                             /lib/libc.so.6
iswalnum_l@GLIBC_2.3                              /lib/libc.so.6
iswalpha                                          /lib/libc.so.6
iswalpha@@GLIBC_2.0                               /lib/libc.so.6
iswalpha@GLIBC_2.0                                /lib/libc.so.6
iswalpha_l                                        /lib/libc.so.6
iswalpha_l@@GLIBC_2.3                             /lib/libc.so.6
iswalpha_l@GLIBC_2.3                              /lib/libc.so.6
iswblank                                          /lib/libc.so.6
iswblank@@GLIBC_2.1                               /lib/libc.so.6
iswblank@GLIBC_2.1                                /lib/libc.so.6
iswblank_l                                        /lib/libc.so.6
iswblank_l@@GLIBC_2.3                             /lib/libc.so.6
iswblank_l@GLIBC_2.3                              /lib/libc.so.6
iswcntrl                                          /lib/libc.so.6
iswcntrl@@GLIBC_2.0                               /lib/libc.so.6
iswcntrl@GLIBC_2.0                                /lib/libc.so.6
iswcntrl_l                                        /lib/libc.so.6
iswcntrl_l@@GLIBC_2.3                             /lib/libc.so.6
iswcntrl_l@GLIBC_2.3                              /lib/libc.so.6
iswctype                                          /lib/libc.so.6
iswctype@@GLIBC_2.0                               /lib/libc.so.6
iswctype@GLIBC_2.0                                /lib/libc.so.6
iswctype_l                                        /lib/libc.so.6
iswctype_l@@GLIBC_2.3                             /lib/libc.so.6
iswctype_l@GLIBC_2.3                              /lib/libc.so.6
[...]
tcgetattr@@GLIBC_2.0                              /lib/libc.so.6
tcgetattr@GLIBC_2.0                               /lib/libc.so.6
tdelete                                           /lib/libc.so.6
tdelete@@GLIBC_2.0                                /lib/libc.so.6
tdelete@GLIBC_2.0                                 /lib/libc.so.6
                                                  /lib/libpthread.so.0
tdestroy                                          /lib/libc.so.6
tdestroy@@GLIBC_2.1                               /lib/libc.so.6
tdestroy@GLIBC_2.1                                /lib/libc.so.6
textdomain                                        /lib/libc.so.6
textdomain@@GLIBC_2.0                             /lib/libc.so.6
textdomain@GLIBC_2.0                              /lib/libc.so.6
tfind                                             /lib/libc.so.6
tfind@@GLIBC_2.0                                  /lib/libc.so.6
tfind@GLIBC_2.0                                   /lib/libc.so.6
                                                  /lib/libpthread.so.0
timelocal                                         /lib/libc.so.6
timelocal@@GLIBC_2.0                              /lib/libc.so.6
timelocal@GLIBC_2.0                               /lib/libc.so.6
times                                             /lib/libc.so.6
times@@GLIBC_2.0                                  /lib/libc.so.6
times@GLIBC_2.0                                   /lib/libc.so.6
timezone                                          /lib/libc.so.6
timezone@@GLIBC_2.0                               /lib/libc.so.6
timezone@GLIBC_2.0                                /lib/libc.so.6
tolower_l                                         /lib/libc.so.6
tolower_l@@GLIBC_2.3                              /lib/libc.so.6
tolower_l@GLIBC_2.3                               /lib/libc.so.6
toupper_l                                         /lib/libc.so.6
toupper_l@@GLIBC_2.3                              /lib/libc.so.6
toupper_l@GLIBC_2.3                               /lib/libc.so.6
towctrans                                         /lib/libc.so.6
towctrans@@GLIBC_2.0                              /lib/libc.so.6
towctrans@GLIBC_2.0                               /lib/libc.so.6
towctrans_l                                       /lib/libc.so.6
towctrans_l@@GLIBC_2.3                            /lib/libc.so.6
towctrans_l@GLIBC_2.3                             /lib/libc.so.6
towlower_l                                        /lib/libc.so.6
towlower_l@@GLIBC_2.3                             /lib/libc.so.6
towlower_l@GLIBC_2.3                              /lib/libc.so.6
towupper_l                                        /lib/libc.so.6
towupper_l@@GLIBC_2.3                             /lib/libc.so.6
towupper_l@GLIBC_2.3                              /lib/libc.so.6
truncate                                          /lib/libc.so.6
truncate@@GLIBC_2.0                               /lib/libc.so.6
truncate@GLIBC_2.0                                /lib/libc.so.6
tsearch                                           /lib/libc.so.6
tsearch@@GLIBC_2.0                                /lib/libc.so.6
tsearch@GLIBC_2.0                                 /lib/libc.so.6
                                                  /lib/libpthread.so.0
ttyname_r                                         /lib/libc.so.6
ttyname_r@@GLIBC_2.0                              /lib/libc.so.6
ttyname_r@GLIBC_2.0                               /lib/libc.so.6
twalk                                             /lib/libc.so.6
twalk@@GLIBC_2.0                                  /lib/libc.so.6
twalk@GLIBC_2.0                                   /lib/libc.so.6
                                                  /lib/libpthread.so.0
tzname                                            /lib/libc.so.6
tzname@@GLIBC_2.0                                 /lib/libc.so.6
tzname@GLIBC_2.0                                  /lib/libc.so.6
tzset                                             /lib/libc.so.6
tzset@@GLIBC_2.0                                  /lib/libc.so.6
tzset@GLIBC_2.0                                   /lib/libc.so.6
ulckpwdf                                          /lib/libc.so.6
ulckpwdf@@GLIBC_2.0                               /lib/libc.so.6
ulckpwdf@GLIBC_2.0                                /lib/libc.so.6
ulimit                                            /lib/libc.so.6
ulimit@@GLIBC_2.0                                 /lib/libc.so.6
ulimit@GLIBC_2.0                                  /lib/libc.so.6
umask                                             /lib/libc.so.6
umask@@GLIBC_2.0                                  /lib/libc.so.6
umask@GLIBC_2.0                                   /lib/libc.so.6
umount                                            /lib/libc.so.6
umount2                                           /lib/libc.so.6
umount2@@GLIBC_2.1                                /lib/libc.so.6
umount2@GLIBC_2.1                                 /lib/libc.so.6
umount@@GLIBC_2.0                                 /lib/libc.so.6
umount@GLIBC_2.0                                  /lib/libc.so.6
uname                                             /lib/libc.so.6
uname@@GLIBC_2.0                                  /lib/libc.so.6
uname@GLIBC_2.0                                   /lib/libc.so.6
                                                  /lib/libpthread.so.0
ungetc                                            /lib/libc.so.6
ungetc@@GLIBC_2.0                                 /lib/libc.so.6
ungetc@GLIBC_2.0                                  /lib/libc.so.6
unlink                                            /lib/libc.so.6
unlink@@GLIBC_2.0                                 /lib/libc.so.6
unlink@GLIBC_2.0                                  /lib/libc.so.6
                                                  /lib/libpthread.so.0
                                                  /lib/librt.so.1
unsetenv                                          /lib/libc.so.6
unsetenv@@GLIBC_2.0                               /lib/libc.so.6
unsetenv@GLIBC_2.0                                /lib/libc.so.6
updwtmp                                           /lib/libc.so.6
updwtmp@@GLIBC_2.0                                /lib/libc.so.6
updwtmp@GLIBC_2.0                                 /lib/libc.so.6
usbInitialise                                     ../common/libcommon.a(libusb.o)
                                                  .build/main.o
usbOpenDevice                                     ../common/libcommon.a(libusb.o)
                                                  .build/main.o
usbStrError                                       ../common/libcommon.a(libusb.o)
                                                  .build/main.o
usb_bulk_write                                    /usr/local/lib/libusb.so
                                                  .build/main.o
usb_claim_interface                               /usr/local/lib/libusb.so
                                                  ../common/libcommon.a(libusb.o)
usb_close                                         /usr/local/lib/libusb.so
                                                  .build/main.o
usb_find_busses                                   /usr/local/lib/libusb.so
                                                  ../common/libcommon.a(libusb.o)
usb_find_devices                                  /usr/local/lib/libusb.so
                                                  ../common/libcommon.a(libusb.o)
usb_get_busses                                    /usr/local/lib/libusb.so
                                                  ../common/libcommon.a(libusb.o)
usb_init                                          /usr/local/lib/libusb.so
                                                  ../common/libcommon.a(libusb.o)
usb_open                                          /usr/local/lib/libusb.so
                                                  ../common/libcommon.a(libusb.o)
usb_set_altinterface                              /usr/local/lib/libusb.so
                                                  ../common/libcommon.a(libusb.o)
usb_set_configuration                             /usr/local/lib/libusb.so
                                                  ../common/libcommon.a(libusb.o)
usb_strerror                                      /usr/local/lib/libusb.so
                                                  ../common/libcommon.a(libusb.o)
uselocale                                         /lib/libc.so.6
uselocale@@GLIBC_2.3                              /lib/libc.so.6
uselocale@GLIBC_2.3                               /lib/libc.so.6
utimes                                            /lib/libc.so.6
utimes@@GLIBC_2.0                                 /lib/libc.so.6
utimes@GLIBC_2.0                                  /lib/libc.so.6
utmpname                                          /lib/libc.so.6
utmpname@@GLIBC_2.0                               /lib/libc.so.6
utmpname@GLIBC_2.0                                /lib/libc.so.6
valloc                                            /lib/libc.so.6
valloc@@GLIBC_2.0                                 /lib/libc.so.6
valloc@GLIBC_2.0                                  /lib/libc.so.6
vasprintf                                         /lib/libc.so.6
vasprintf@@GLIBC_2.0                              /lib/libc.so.6
vasprintf@GLIBC_2.0                               /lib/libc.so.6
vdprintf                                          /lib/libc.so.6
vdprintf@@GLIBC_2.0                               /lib/libc.so.6
vdprintf@GLIBC_2.0                                /lib/libc.so.6
vfork                                             /lib/libc.so.6
vfork@@GLIBC_2.0                                  /lib/libc.so.6
                                                  /lib/libpthread.so.0
vfork@GLIBC_2.0                                   /lib/libc.so.6
vfscanf                                           /lib/libc.so.6
vfscanf@@GLIBC_2.0                                /lib/libc.so.6
vfscanf@GLIBC_2.0                                 /lib/libc.so.6
vfwprintf                                         /lib/libc.so.6
vfwprintf@@GLIBC_2.2                              /lib/libc.so.6
vfwprintf@GLIBC_2.2                               /lib/libc.so.6
vfwscanf                                          /lib/libc.so.6
vfwscanf@@GLIBC_2.2                               /lib/libc.so.6
vfwscanf@GLIBC_2.2                                /lib/libc.so.6
vscanf                                            /lib/libc.so.6
vscanf@@GLIBC_2.0                                 /lib/libc.so.6
vscanf@GLIBC_2.0                                  /lib/libc.so.6
vsnprintf                                         /lib/libc.so.6
vsnprintf@@GLIBC_2.0                              /lib/libc.so.6
vsnprintf@GLIBC_2.0                               /lib/libc.so.6
vsprintf                                          /lib/libc.so.6
vsprintf@@GLIBC_2.0                               /lib/libc.so.6
vsprintf@GLIBC_2.0                                /lib/libc.so.6
vsscanf                                           /lib/libc.so.6
vsscanf@@GLIBC_2.0                                /lib/libc.so.6
vsscanf@GLIBC_2.0                                 /lib/libc.so.6
vswprintf                                         /lib/libc.so.6
vswprintf@@GLIBC_2.2                              /lib/libc.so.6
vswprintf@GLIBC_2.2                               /lib/libc.so.6
wait                                              /lib/libc.so.6
wait3                                             /lib/libc.so.6
wait3@@GLIBC_2.0                                  /lib/libc.so.6
wait3@GLIBC_2.0                                   /lib/libc.so.6
wait4                                             /lib/libc.so.6
wait4@@GLIBC_2.0                                  /lib/libc.so.6
wait4@GLIBC_2.0                                   /lib/libc.so.6
wait@@GLIBC_2.0                                   /lib/libc.so.6
                                                  /lib/libpthread.so.0
wait@GLIBC_2.0                                    /lib/libc.so.6
waitid                                            /lib/libc.so.6
waitid@@GLIBC_2.1                                 /lib/libc.so.6
waitid@GLIBC_2.1                                  /lib/libc.so.6
waitpid                                           /lib/libc.so.6
waitpid@@GLIBC_2.0                                /lib/libc.so.6
                                                  /lib/libpthread.so.0
waitpid@GLIBC_2.0                                 /lib/libc.so.6
wcpcpy                                            /lib/libc.so.6
wcpcpy@@GLIBC_2.0                                 /lib/libc.so.6
wcpcpy@GLIBC_2.0                                  /lib/libc.so.6
wcpncpy                                           /lib/libc.so.6
wcpncpy@@GLIBC_2.0                                /lib/libc.so.6
wcpncpy@GLIBC_2.0                                 /lib/libc.so.6
wcrtomb                                           /lib/libc.so.6
wcrtomb@@GLIBC_2.0                                /lib/libc.so.6
wcrtomb@GLIBC_2.0                                 /lib/libc.so.6
wcscasecmp                                        /lib/libc.so.6
wcscasecmp@@GLIBC_2.1                             /lib/libc.so.6
wcscasecmp@GLIBC_2.1                              /lib/libc.so.6
wcscasecmp_l                                      /lib/libc.so.6
wcscasecmp_l@@GLIBC_2.3                           /lib/libc.so.6
wcscasecmp_l@GLIBC_2.3                            /lib/libc.so.6
wcscat                                            /lib/libc.so.6
wcscat@@GLIBC_2.0                                 /lib/libc.so.6
wcscat@GLIBC_2.0                                  /lib/libc.so.6
wcschrnul                                         /lib/libc.so.6
wcschrnul@@GLIBC_2.2                              /lib/libc.so.6
wcschrnul@GLIBC_2.2                               /lib/libc.so.6
wcscoll                                           /lib/libc.so.6
wcscoll@@GLIBC_2.0                                /lib/libc.so.6
wcscoll@GLIBC_2.0                                 /lib/libc.so.6
wcscoll_l                                         /lib/libc.so.6
wcscoll_l@@GLIBC_2.3                              /lib/libc.so.6
wcscoll_l@GLIBC_2.3                               /lib/libc.so.6
wcsftime_l                                        /lib/libc.so.6
wcsftime_l@@GLIBC_2.3                             /lib/libc.so.6
wcsftime_l@GLIBC_2.3                              /lib/libc.so.6
wcslen                                            /lib/libc.so.6
wcslen@@GLIBC_2.0                                 /lib/libc.so.6
wcslen@GLIBC_2.0                                  /lib/libc.so.6
wcsncasecmp                                       /lib/libc.so.6
wcsncasecmp@@GLIBC_2.1                            /lib/libc.so.6
wcsncasecmp@GLIBC_2.1                             /lib/libc.so.6
wcsncasecmp_l                                     /lib/libc.so.6
wcsncasecmp_l@@GLIBC_2.3                          /lib/libc.so.6
wcsncasecmp_l@GLIBC_2.3                           /lib/libc.so.6
wcsncpy                                           /lib/libc.so.6
wcsncpy@@GLIBC_2.0                                /lib/libc.so.6
wcsncpy@GLIBC_2.0                                 /lib/libc.so.6
wcsnlen                                           /lib/libc.so.6
wcsnlen@@GLIBC_2.1                                /lib/libc.so.6
wcsnlen@GLIBC_2.1                                 /lib/libc.so.6
wcsnrtombs                                        /lib/libc.so.6
wcsnrtombs@@GLIBC_2.0                             /lib/libc.so.6
wcsnrtombs@GLIBC_2.0                              /lib/libc.so.6
wcsrtombs                                         /lib/libc.so.6
wcsrtombs@@GLIBC_2.0                              /lib/libc.so.6
wcsrtombs@GLIBC_2.0                               /lib/libc.so.6
wcstod_l                                          /lib/libc.so.6
wcstod_l@@GLIBC_2.3                               /lib/libc.so.6
wcstod_l@GLIBC_2.3                                /lib/libc.so.6
wcstof_l                                          /lib/libc.so.6
wcstof_l@@GLIBC_2.3                               /lib/libc.so.6
wcstof_l@GLIBC_2.3                                /lib/libc.so.6
wcstol_l                                          /lib/libc.so.6
wcstol_l@@GLIBC_2.3                               /lib/libc.so.6
wcstol_l@GLIBC_2.3                                /lib/libc.so.6
wcstold_l                                         /lib/libc.so.6
wcstold_l@@GLIBC_2.3                              /lib/libc.so.6
wcstold_l@GLIBC_2.3                               /lib/libc.so.6
wcstoll_l                                         /lib/libc.so.6
wcstoll_l@@GLIBC_2.3                              /lib/libc.so.6
wcstoll_l@GLIBC_2.3                               /lib/libc.so.6
wcstoq                                            /lib/libc.so.6
wcstoq@@GLIBC_2.0                                 /lib/libc.so.6
wcstoq@GLIBC_2.0                                  /lib/libc.so.6
wcstoul_l                                         /lib/libc.so.6
wcstoul_l@@GLIBC_2.3                              /lib/libc.so.6
wcstoul_l@GLIBC_2.3                               /lib/libc.so.6
wcstoull_l                                        /lib/libc.so.6
wcstoull_l@@GLIBC_2.3                             /lib/libc.so.6
wcstoull_l@GLIBC_2.3                              /lib/libc.so.6
wcstouq                                           /lib/libc.so.6
wcstouq@@GLIBC_2.0                                /lib/libc.so.6
wcstouq@GLIBC_2.0                                 /lib/libc.so.6
wcswcs                                            /lib/libc.so.6
wcswcs@@GLIBC_2.1                                 /lib/libc.so.6
wcswcs@GLIBC_2.1                                  /lib/libc.so.6
wcsxfrm_l                                         /lib/libc.so.6
wcsxfrm_l@@GLIBC_2.3                              /lib/libc.so.6
wcsxfrm_l@GLIBC_2.3                               /lib/libc.so.6
wctrans                                           /lib/libc.so.6
wctrans@@GLIBC_2.0                                /lib/libc.so.6
wctrans@GLIBC_2.0                                 /lib/libc.so.6
wctrans_l                                         /lib/libc.so.6
wctrans_l@@GLIBC_2.3                              /lib/libc.so.6
wctrans_l@GLIBC_2.3                               /lib/libc.so.6
wctype                                            /lib/libc.so.6
wctype@@GLIBC_2.0                                 /lib/libc.so.6
wctype@GLIBC_2.0                                  /lib/libc.so.6
wctype_l                                          /lib/libc.so.6
wctype_l@@GLIBC_2.3                               /lib/libc.so.6
wctype_l@GLIBC_2.3                                /lib/libc.so.6
wmemcpy                                           /lib/libc.so.6
wmemcpy@@GLIBC_2.0                                /lib/libc.so.6
wmemcpy@GLIBC_2.0                                 /lib/libc.so.6
wmemmove                                          /lib/libc.so.6
wmemmove@@GLIBC_2.0                               /lib/libc.so.6
wmemmove@GLIBC_2.0                                /lib/libc.so.6
wmempcpy                                          /lib/libc.so.6
wmempcpy@@GLIBC_2.2                               /lib/libc.so.6
wmempcpy@GLIBC_2.2                                /lib/libc.so.6
write                                             /lib/libc.so.6
write@@GLIBC_2.0                                  /lib/libc.so.6
                                                  /lib/libpthread.so.0
write@GLIBC_2.0                                   /lib/libc.so.6
                                                  /lib/librt.so.1
                                                  /usr/local/lib/libusb-1.0.so.0
writev                                            /lib/libc.so.6
writev@@GLIBC_2.0                                 /lib/libc.so.6
writev@GLIBC_2.0                                  /lib/libc.so.6
